
> kns-web@0.1.0 build
> next build

  Ôû▓ Next.js 14.2.5
  - Environments: .env.local

   Creating an optimized production build ...
npm : <w> [webpack.cache.Pa
ckFileCacheStrategy] 
Caching failed for pack: 
Error: ENOENT: no such 
file or directory, rename '
C:\Users\admin\Desktop\Web 
Development 
Projects2025\Consultancy 
Web - KNS\.next\cache\webpa
ck\server-production\1.pack
_' -> 'C:\Users\admin\Deskt
op\Web Development 
Projects2025\Consultancy 
Web - KNS\.next\cache\webpa
ck\server-production\1.pack
'
At line:1 char:1
+ npm run build > 
build_output.txt 2>&1
+ ~~~~~~~~~~~~~~~~~~~~~~~~~
~~~~~~~~~~~~
    + CategoryInfo         
     : NotSpecified    : 
(<w> [webpack.ca.    
..duction\1.pack':S    
tring) [], RemoteEx    
ception
    + FullyQualifiedErr    
orId : NativeComman    
dError
 
[baseline-browser-mapping] 
The data in this module is 
over two months old.  To 
ensure accurate Baseline 
data, please update: `npm 
i baseline-browser-mapping@
latest -D`
 Ô£ô Compiled successfully
   Linting and checking validity of types ...
   Collecting page data ...
unhandledRejection Error 
[PageNotFoundError]: 
Cannot find module for 
page: /_document
    at getPagePath (C:\User
s\admin\Desktop\Web 
Development 
Projects2025\Consultancy 
Web - KNS\node_modules\next
\dist\server\require.js:94:
15)
    at requirePage (C:\User
s\admin\Desktop\Web 
Development 
Projects2025\Consultancy 
Web - KNS\node_modules\next
\dist\server\require.js:99:
22)
    at 
C:\Users\admin\Desktop\Web 
Development 
Projects2025\Consultancy 
Web - KNS\node_modules\next
\dist\server\load-component
s.js:72:65
    at process.processTicks
AndRejections (node:interna
l/process/task_queues:95:5)
    at async Promise.all 
(index 0)
    at async 
loadComponentsImpl (C:\User
s\admin\Desktop\Web 
Development 
Projects2025\Consultancy 
Web - KNS\node_modules\next
\dist\server\load-component
s.js:71:33)
    at async Object.hasCust
omGetInitialProps (C:\Users
\admin\Desktop\Web 
Development 
Projects2025\Consultancy 
Web - KNS\node_modules\next
\dist\build\utils.js:1273:2
4) {
  type: 
'PageNotFoundError',
  code: 'ENOENT'
}
