app/api/contact/route.ts(24,7): error TS2561: Object literal may only specify known properties, but 'reply_to' does not exist in type '(Required<Pick<EmailRenderOptions$1, "react">> & Partial<Pick<EmailRenderOptions$1, "html" | "text">> & CreateEmailBaseOptions & { ...; }) | (Required<...> & ... 2 more ... & { ...; }) | (Required<...> & ... 2 more ... & { ...; })'. Did you mean to write 'replyTo'?
